HAL.hpp:110:17:static touchgfx::HAL* touchgfx::HAL::getInstance()	4	static
OSWrappers.cpp:35:6:static void touchgfx::OSWrappers::initialize()	4	static
OSWrappers.cpp:44:6:static void touchgfx::OSWrappers::takeFrameBufferSemaphore()	4	static
OSWrappers.cpp:53:6:static void touchgfx::OSWrappers::giveFrameBufferSemaphore()	4	static
OSWrappers.cpp:65:6:static void touchgfx::OSWrappers::tryTakeFrameBufferSemaphore()	4	static
OSWrappers.cpp:77:6:static void touchgfx::OSWrappers::giveFrameBufferSemaphoreFromISR()	4	static
OSWrappers.cpp:88:6:static void touchgfx::OSWrappers::signalVSync()	4	static
OSWrappers.cpp:97:6:static void touchgfx::OSWrappers::signalRenderingDone()	4	static
OSWrappers.cpp:111:6:static bool touchgfx::OSWrappers::isVSyncAvailable()	4	static
OSWrappers.cpp:120:6:static void touchgfx::OSWrappers::waitForVSync()	8	static
OSWrappers.cpp:142:6:static void touchgfx::OSWrappers::taskDelay(uint16_t)	16	static
OSWrappers.cpp:157:6:static void touchgfx::OSWrappers::taskYield()	4	static
