stm32f4xx_hal_msp.c:64:6:HAL_MspInit	16	static
stm32f4xx_hal_msp.c:86:6:HAL_CRC_MspInit	24	static
stm32f4xx_hal_msp.c:108:6:HAL_CRC_MspDeInit	16	static
stm32f4xx_hal_msp.c:130:6:HAL_TIM_Encoder_MspInit	48	static
stm32f4xx_hal_msp.c:166:6:HAL_TIM_Base_MspInit	24	static
stm32f4xx_hal_msp.c:191:6:HAL_TIM_Encoder_MspDeInit	16	static
stm32f4xx_hal_msp.c:220:6:HAL_TIM_Base_MspDeInit	16	static
stm32f4xx_hal_msp.c:241:13:HAL_FSMC_MspInit	32	static
stm32f4xx_hal_msp.c:299:6:HAL_SRAM_MspInit	16	static
stm32f4xx_hal_msp.c:311:13:HAL_FSMC_MspDeInit	8	static
stm32f4xx_hal_msp.c:357:6:HAL_SRAM_MspDeInit	16	static
